// Jest Snapshot v1, https://goo.gl/fbAQLP

exports[`Given a NewShelf component When it is rendered Then should match the snapshot 1`] = `
<RNCSafeAreaView
  style={
    Object {
      "backgroundColor": "#F5F5F5",
      "minHeight": "100%",
    }
  }
>
  <View
    accessible={true}
    collapsable={false}
    focusable={true}
    nativeID="animatedComponent"
    onClick={[Function]}
    onResponderGrant={[Function]}
    onResponderMove={[Function]}
    onResponderRelease={[Function]}
    onResponderTerminate={[Function]}
    onResponderTerminationRequest={[Function]}
    onStartShouldSetResponder={[Function]}
    style={
      Object {
        "left": 20,
        "opacity": 1,
        "position": "absolute",
        "top": 20,
        "zIndex": 1,
      }
    }
    testID="backButton"
  >
    <IconMock
      height={30}
      style={
        Object {
          "transform": Array [
            Object {
              "rotateZ": "180deg",
            },
          ],
        }
      }
      width={30}
    />
  </View>
  <View
    style={
      Object {
        "alignItems": "flex-end",
        "backgroundColor": "#F5F5F5",
      }
    }
  >
    <View
      style={
        Object {
          "alignItems": "center",
          "backgroundColor": "#D9D8C4",
          "borderBottomLeftRadius": 25,
          "justifyContent": "center",
          "padding": 10,
          "width": "100%",
        }
      }
    >
      <IconMock
        height={45}
        width={45}
      />
    </View>
    <View
      style={
        Object {
          "height": 0,
        }
      }
    >
      <View
        style={
          Object {
            "backgroundColor": "#D9D8C4",
            "height": 20,
            "width": 20,
          }
        }
      >
        <View
          style={
            Object {
              "backgroundColor": "#F5F5F5",
              "borderTopRightRadius": 25,
              "height": 20,
              "width": 20,
            }
          }
        />
      </View>
    </View>
  </View>
  <View
    style={
      Object {
        "alignItems": "center",
        "padding": 30,
      }
    }
  >
    <Text
      style={
        Object {
          "color": "#3E3C37",
          "fontSize": 35,
          "fontWeight": "500",
        }
      }
    >
      New shelf
    </Text>
    <View
      style={
        Object {
          "height": 300,
          "justifyContent": "space-between",
          "width": "100%",
        }
      }
    >
      <View
        style={
          Object {
            "height": 70,
            "width": "100%",
          }
        }
      >
        <Text
          style={
            Object {
              "fontSize": 12,
              "fontWeight": "bold",
              "transform": Array [
                Object {
                  "translateX": 5,
                },
                Object {
                  "translateY": 20,
                },
              ],
              "zIndex": 1,
            }
          }
        >
          name
        </Text>
        <TextInput
          maxLength={25}
          onChangeText={[Function]}
          onFocus={[Function]}
          style={
            Object {
              "backgroundColor": "#FFFFFF",
              "borderColor": "#ECECEC",
              "borderRadius": 10,
              "borderWidth": 1,
              "fontSize": 20,
              "height": "100%",
              "paddingHorizontal": 30,
              "paddingTop": 30,
            }
          }
          testID="nameInput"
          value=""
        />
      </View>
      <View
        style={
          Object {
            "flexDirection": "row",
            "justifyContent": "space-between",
          }
        }
      >
        <View
          style={
            Array [
              Object {
                "height": 70,
                "width": "100%",
              },
              Object {
                "width": "45%",
              },
            ]
          }
        >
          <Text
            style={
              Object {
                "fontSize": 12,
                "fontWeight": "bold",
                "transform": Array [
                  Object {
                    "translateX": 5,
                  },
                  Object {
                    "translateY": 20,
                  },
                ],
                "zIndex": 1,
              }
            }
          >
            rows
          </Text>
          <TextInput
            keyboardType="number-pad"
            maxLength={1}
            onChangeText={[Function]}
            onFocus={[Function]}
            style={
              Object {
                "backgroundColor": "#FFFFFF",
                "borderColor": "#ECECEC",
                "borderRadius": 10,
                "borderWidth": 1,
                "fontSize": 20,
                "height": "100%",
                "paddingHorizontal": 30,
                "paddingTop": 30,
              }
            }
            testID="rowsInput"
            value=""
          />
        </View>
        <View
          style={
            Array [
              Object {
                "height": 70,
                "width": "100%",
              },
              Object {
                "width": "45%",
              },
            ]
          }
        >
          <Text
            style={
              Object {
                "fontSize": 12,
                "fontWeight": "bold",
                "transform": Array [
                  Object {
                    "translateX": 5,
                  },
                  Object {
                    "translateY": 20,
                  },
                ],
                "zIndex": 1,
              }
            }
          >
            columns
          </Text>
          <TextInput
            keyboardType="number-pad"
            maxLength={1}
            onChangeText={[Function]}
            onFocus={[Function]}
            style={
              Object {
                "backgroundColor": "#FFFFFF",
                "borderColor": "#ECECEC",
                "borderRadius": 10,
                "borderWidth": 1,
                "fontSize": 20,
                "height": "100%",
                "paddingHorizontal": 30,
                "paddingTop": 30,
              }
            }
            testID="columnsInput"
            value=""
          />
        </View>
      </View>
      <View
        accessible={true}
        collapsable={false}
        focusable={true}
        nativeID="animatedComponent"
        onClick={[Function]}
        onResponderGrant={[Function]}
        onResponderMove={[Function]}
        onResponderRelease={[Function]}
        onResponderTerminate={[Function]}
        onResponderTerminationRequest={[Function]}
        onStartShouldSetResponder={[Function]}
        style={
          Object {
            "alignItems": "center",
            "backgroundColor": "#000000",
            "borderRadius": 10,
            "display": "flex",
            "height": 70,
            "justifyContent": "center",
            "marginTop": 20,
            "opacity": 1,
            "width": "100%",
          }
        }
        testID="createButton"
      >
        <Text
          style={
            Object {
              "color": "#FFFFFF",
              "fontSize": 20,
              "fontWeight": "500",
            }
          }
        >
          Create
        </Text>
      </View>
    </View>
  </View>
</RNCSafeAreaView>
`;
