// Jest Snapshot v1, https://goo.gl/fbAQLP

exports[`Given a Login component When it is rendered Then should match the snapshot 1`] = `
<RCTSafeAreaView
  emulateUnlessSupported={true}
  style={
    Object {
      "backgroundColor": "#D9D8C4",
    }
  }
>
  <View
    style={
      Object {
        "alignItems": "center",
        "display": "flex",
        "height": 100,
        "justifyContent": "center",
      }
    }
  >
    <View
      collapsable={false}
    >
      <IconMock
        height={50}
        width={50}
      />
    </View>
  </View>
  <View
    style={
      Object {
        "alignItems": "center",
        "backgroundColor": "#F5F5F5",
        "borderTopRightRadius": 40,
        "display": "flex",
        "flexDirection": "column",
        "height": 600,
        "justifyContent": "space-between",
        "padding": 30,
      }
    }
  >
    <Text
      style={
        Object {
          "color": "#3E3C37",
          "fontSize": 35,
          "fontWeight": "500",
        }
      }
      testID="loginTitle"
    >
      Log in
    </Text>
    <View
      style={
        Object {
          "height": 70,
          "width": "100%",
        }
      }
    >
      <Text
        style={
          Object {
            "fontSize": 12,
            "fontWeight": "bold",
            "transform": Array [
              Object {
                "translateX": 5,
              },
              Object {
                "translateY": 20,
              },
            ],
            "zIndex": 1,
          }
        }
      >
        email
      </Text>
      <TextInput
        onChangeText={[Function]}
        onFocus={[Function]}
        style={
          Object {
            "backgroundColor": "#FFFFFF",
            "borderColor": "#ECECEC",
            "borderRadius": 10,
            "borderWidth": 1,
            "fontSize": 20,
            "height": "100%",
            "paddingHorizontal": 30,
            "paddingTop": 30,
          }
        }
        testID="emailInput"
        value=""
      />
    </View>
    <View
      style={
        Object {
          "height": 70,
          "width": "100%",
        }
      }
    >
      <Text
        style={
          Object {
            "fontSize": 12,
            "fontWeight": "bold",
            "transform": Array [
              Object {
                "translateX": 5,
              },
              Object {
                "translateY": 20,
              },
            ],
            "zIndex": 1,
          }
        }
      >
        password
      </Text>
      <TextInput
        onChangeText={[Function]}
        onFocus={[Function]}
        secureTextEntry={true}
        style={
          Object {
            "backgroundColor": "#FFFFFF",
            "borderColor": "#ECECEC",
            "borderRadius": 10,
            "borderWidth": 1,
            "fontSize": 20,
            "height": "100%",
            "paddingHorizontal": 30,
            "paddingTop": 30,
          }
        }
        testID="passwordInput"
        value=""
      />
    </View>
    <View
      accessible={true}
      collapsable={false}
      focusable={true}
      nativeID="animatedComponent"
      onClick={[Function]}
      onResponderGrant={[Function]}
      onResponderMove={[Function]}
      onResponderRelease={[Function]}
      onResponderTerminate={[Function]}
      onResponderTerminationRequest={[Function]}
      onStartShouldSetResponder={[Function]}
      style={
        Object {
          "alignItems": "center",
          "backgroundColor": "#000000",
          "borderRadius": 10,
          "display": "flex",
          "height": 70,
          "justifyContent": "center",
          "marginTop": 20,
          "opacity": 1,
          "width": "100%",
        }
      }
      testID="loginButton"
    >
      <Text
        style={
          Object {
            "color": "#FFFFFF",
            "fontSize": 20,
            "fontWeight": "500",
          }
        }
      >
        Log in
      </Text>
    </View>
    <View
      style={
        Object {
          "alignItems": "center",
          "display": "flex",
          "flexDirection": "column",
        }
      }
    >
      <Text
        style={
          Object {
            "fontSize": 20,
          }
        }
      >
        Don"t have an account?
      </Text>
      <Text
        onPress={[Function]}
        style={
          Object {
            "fontSize": 20,
            "fontWeight": "bold",
          }
        }
        testID="signUpButton"
      >
        Sign up
      </Text>
    </View>
  </View>
</RCTSafeAreaView>
`;
