// Jest Snapshot v1, https://goo.gl/fbAQLP

exports[`Given a Notification component When it is rendered And there is a notification in store And you click on closeSnackbarButton button Then should match the snapshot 1`] = `null`;

exports[`Given a Notification component When it is rendered And there is a notification in store Then should match the snapshot 1`] = `
<RCTSafeAreaView
  emulateUnlessSupported={true}
  pointerEvents="box-none"
  style={
    Array [
      Object {
        "bottom": 0,
        "position": "absolute",
        "width": "100%",
      },
      undefined,
    ]
  }
>
  <View
    accessibilityLiveRegion="polite"
    collapsable={false}
    nativeID="animatedComponent"
    pointerEvents="box-none"
    style={
      Object {
        "alignItems": "center",
        "backgroundColor": "#000000",
        "borderRadius": 4,
        "elevation": 6,
        "flexDirection": "row",
        "justifyContent": "space-between",
        "margin": 8,
        "opacity": 1,
        "shadowColor": "#000000",
        "shadowOffset": Object {
          "height": 5,
          "width": 0,
        },
        "shadowOpacity": 0.24,
        "shadowRadius": 6,
        "transform": Array [
          Object {
            "scale": 1,
          },
        ],
      }
    }
  >
    <Text
      style={
        Array [
          Object {
            "color": "#000000",
            "fontFamily": "System",
            "fontWeight": "400",
          },
          Object {
            "textAlign": "left",
          },
          Array [
            Object {
              "flex": 1,
              "flexWrap": "wrap",
              "marginLeft": 16,
              "marginVertical": 14,
            },
            Object {
              "color": "#ffffff",
              "marginRight": 0,
            },
          ],
        ]
      }
    >
      Hi
    </Text>
    <View
      collapsable={false}
      nativeID="animatedComponent"
      style={
        Object {
          "backgroundColor": "transparent",
          "borderColor": "transparent",
          "borderRadius": 4,
          "borderStyle": "solid",
          "borderWidth": 0,
          "elevation": 0,
          "marginHorizontal": 8,
          "marginVertical": 6,
          "minWidth": "auto",
        }
      }
    >
      <View
        accessibilityRole="button"
        accessibilityState={
          Object {
            "disabled": false,
          }
        }
        accessible={true}
        focusable={true}
        onClick={[Function]}
        onResponderGrant={[Function]}
        onResponderMove={[Function]}
        onResponderRelease={[Function]}
        onResponderTerminate={[Function]}
        onResponderTerminationRequest={[Function]}
        onStartShouldSetResponder={[Function]}
        style={
          Array [
            Object {
              "overflow": "hidden",
            },
            Object {
              "borderRadius": 4,
            },
          ]
        }
        testID="closeSnackbarButton"
      >
        <View
          style={
            Array [
              Object {
                "alignItems": "center",
                "flexDirection": "row",
                "justifyContent": "center",
              },
              undefined,
            ]
          }
        >
          <Text
            numberOfLines={1}
            selectable={false}
            style={
              Array [
                Object {
                  "color": "#000000",
                  "fontFamily": "System",
                  "fontWeight": "400",
                },
                Object {
                  "textAlign": "left",
                },
                Array [
                  Object {
                    "letterSpacing": 1,
                    "marginHorizontal": 16,
                    "marginVertical": 9,
                    "textAlign": "center",
                  },
                  Object {
                    "marginHorizontal": 8,
                  },
                  Object {
                    "textTransform": "uppercase",
                  },
                  Object {
                    "color": "#03dac4",
                    "fontFamily": "System",
                    "fontWeight": "500",
                  },
                  Object {
                    "fontFamily": "System",
                    "fontWeight": "500",
                  },
                  undefined,
                ],
              ]
            }
          >
            x
          </Text>
        </View>
      </View>
    </View>
  </View>
</RCTSafeAreaView>
`;

exports[`Given a Notification component When it is rendered And there is not a notification in store Then should match the snapshot 1`] = `null`;
