// Jest Snapshot v1, https://goo.gl/fbAQLP

exports[`Given a FollowingNavigator component When it is rendered Then should match the snapshot 1`] = `
<View
  style={
    Object {
      "flex": 1,
    }
  }
>
  <RNCSafeAreaProvider
    onInsetsChange={[Function]}
    style={
      Array [
        Object {
          "flex": 1,
        },
        undefined,
      ]
    }
  >
    <View
      style={
        Array [
          Object {
            "backgroundColor": "rgb(242, 242, 242)",
            "flex": 1,
          },
          undefined,
        ]
      }
    >
      <View
        onLayout={[Function]}
        style={
          Object {
            "flex": 1,
          }
        }
      >
        <View
          pointerEvents="box-none"
          style={
            Object {
              "bottom": 0,
              "left": 0,
              "position": "absolute",
              "right": 0,
              "top": 0,
            }
          }
        >
          <View
            collapsable={false}
            style={
              Object {
                "opacity": 1,
              }
            }
          />
          <View
            accessibilityElementsHidden={false}
            closing={false}
            gestureVelocityImpact={0.3}
            importantForAccessibility="auto"
            onClose={[Function]}
            onGestureBegin={[Function]}
            onGestureCanceled={[Function]}
            onGestureEnd={[Function]}
            onOpen={[Function]}
            onTransition={[Function]}
            pointerEvents="box-none"
            style={
              Array [
                Object {
                  "display": "flex",
                  "overflow": undefined,
                },
                Object {
                  "bottom": 0,
                  "left": 0,
                  "position": "absolute",
                  "right": 0,
                  "top": 0,
                },
              ]
            }
            transitionSpec={
              Object {
                "close": Object {
                  "animation": "spring",
                  "config": Object {
                    "damping": 500,
                    "mass": 3,
                    "overshootClamping": true,
                    "restDisplacementThreshold": 10,
                    "restSpeedThreshold": 10,
                    "stiffness": 1000,
                  },
                },
                "open": Object {
                  "animation": "spring",
                  "config": Object {
                    "damping": 500,
                    "mass": 3,
                    "overshootClamping": true,
                    "restDisplacementThreshold": 10,
                    "restSpeedThreshold": 10,
                    "stiffness": 1000,
                  },
                },
              }
            }
          >
            <View
              collapsable={false}
              nativeID="animatedComponent"
              pointerEvents="box-none"
              style={
                Object {
                  "flex": 1,
                  "marginTop": 0,
                }
              }
            >
              <View
                enableTrackpadTwoFingerGesture={true}
                enabled={false}
                hitSlop={
                  Object {
                    "right": -700,
                  }
                }
                maxDeltaY={20}
                minOffsetX={5}
                onHandlerStateChange={[Function]}
              >
                <View
                  needsOffscreenAlphaCompositing={true}
                  style={
                    Object {
                      "flex": 1,
                      "opacity": 1,
                    }
                  }
                >
                  <View
                    style={
                      Array [
                        Object {
                          "flex": 1,
                          "overflow": "hidden",
                        },
                        Array [
                          Object {
                            "backgroundColor": "rgb(242, 242, 242)",
                          },
                          undefined,
                        ],
                      ]
                    }
                  >
                    <View
                      style={
                        Object {
                          "flex": 1,
                          "flexDirection": "column-reverse",
                        }
                      }
                    >
                      <View
                        style={
                          Object {
                            "flex": 1,
                          }
                        }
                      >
                        <RCTSafeAreaView
                          emulateUnlessSupported={true}
                          style={
                            Object {
                              "backgroundColor": "#F5F5F5",
                              "minHeight": "100%",
                            }
                          }
                        >
                          <View
                            style={
                              Object {
                                "alignItems": "flex-end",
                                "backgroundColor": "#F5F5F5",
                              }
                            }
                          >
                            <View
                              style={
                                Object {
                                  "alignItems": "center",
                                  "backgroundColor": "#D9D8C4",
                                  "borderBottomLeftRadius": 25,
                                  "justifyContent": "center",
                                  "padding": 10,
                                  "width": "100%",
                                }
                              }
                            >
                              <IconMock
                                height={45}
                                width={45}
                              />
                            </View>
                            <View
                              style={
                                Object {
                                  "height": 0,
                                }
                              }
                            >
                              <View
                                style={
                                  Object {
                                    "backgroundColor": "#D9D8C4",
                                    "height": 20,
                                    "width": 20,
                                  }
                                }
                              >
                                <View
                                  style={
                                    Object {
                                      "backgroundColor": "#F5F5F5",
                                      "borderTopRightRadius": 25,
                                      "height": 20,
                                      "width": 20,
                                    }
                                  }
                                />
                              </View>
                            </View>
                          </View>
                          <View
                            style={
                              Object {
                                "paddingHorizontal": 30,
                              }
                            }
                          >
                            <View
                              style={
                                Object {
                                  "flexDirection": "row",
                                  "justifyContent": "space-between",
                                  "paddingVertical": 10,
                                }
                              }
                            >
                              <Text>
                                Users activity under construction
                              </Text>
                              <View
                                accessible={true}
                                collapsable={false}
                                focusable={true}
                                nativeID="animatedComponent"
                                onClick={[Function]}
                                onResponderGrant={[Function]}
                                onResponderMove={[Function]}
                                onResponderRelease={[Function]}
                                onResponderTerminate={[Function]}
                                onResponderTerminationRequest={[Function]}
                                onStartShouldSetResponder={[Function]}
                                style={
                                  Object {
                                    "alignItems": "center",
                                    "backgroundColor": "#FFFFFF",
                                    "borderRadius": 100,
                                    "elevation": 5,
                                    "height": 60,
                                    "justifyContent": "center",
                                    "opacity": 1,
                                    "width": 60,
                                  }
                                }
                                testID="followingUsersPageButton"
                              >
                                <IconMock
                                  height={40}
                                  width={40}
                                />
                              </View>
                            </View>
                          </View>
                        </RCTSafeAreaView>
                      </View>
                    </View>
                  </View>
                </View>
              </View>
            </View>
          </View>
        </View>
      </View>
      <View
        pointerEvents="box-none"
        style={
          Object {
            "height": 44,
            "left": 0,
            "position": "absolute",
            "right": 0,
            "top": 0,
            "zIndex": 1,
          }
        }
      />
    </View>
  </RNCSafeAreaProvider>
</View>
`;
