// Jest Snapshot v1, https://goo.gl/fbAQLP

exports[`Given a InitialLoading component When it is rendered Then should match the snapshot 1`] = `
<RCTSafeAreaView
  emulateUnlessSupported={true}
  style={
    Object {
      "alignItems": "center",
      "backgroundColor": "#D9D8C4",
      "display": "flex",
      "height": "100%",
      "justifyContent": "center",
    }
  }
>
  <View
    style={
      Object {
        "alignItems": "center",
        "height": 30,
      }
    }
  >
    <View
      collapsable={false}
    >
      <IconMock
        height={60}
        width={60}
      />
    </View>
  </View>
</RCTSafeAreaView>
`;
