// Jest Snapshot v1, https://goo.gl/fbAQLP

exports[`Given an AddToShelf component When it is rendered And isbn is Not found Then should match the snapshot 1`] = `
<RCTSafeAreaView
  emulateUnlessSupported={true}
>
  <View
    accessible={true}
    collapsable={false}
    focusable={true}
    nativeID="animatedComponent"
    onClick={[Function]}
    onResponderGrant={[Function]}
    onResponderMove={[Function]}
    onResponderRelease={[Function]}
    onResponderTerminate={[Function]}
    onResponderTerminationRequest={[Function]}
    onStartShouldSetResponder={[Function]}
    style={
      Object {
        "left": 20,
        "opacity": 1,
        "position": "absolute",
        "top": 20,
        "zIndex": 1,
      }
    }
    testID="backButton"
  >
    <IconMock
      height={30}
      style={
        Object {
          "transform": Array [
            Object {
              "rotateZ": "180deg",
            },
          ],
        }
      }
      width={30}
    />
  </View>
  <View
    style={
      Object {
        "alignItems": "flex-end",
        "backgroundColor": "#F5F5F5",
      }
    }
  >
    <View
      style={
        Object {
          "alignItems": "center",
          "backgroundColor": "#D9D8C4",
          "borderBottomLeftRadius": 25,
          "justifyContent": "center",
          "padding": 10,
          "width": "100%",
        }
      }
    >
      <IconMock
        height={45}
        width={45}
      />
    </View>
    <View
      style={
        Object {
          "height": 0,
        }
      }
    >
      <View
        style={
          Object {
            "backgroundColor": "#D9D8C4",
            "height": 20,
            "width": 20,
          }
        }
      >
        <View
          style={
            Object {
              "backgroundColor": "#F5F5F5",
              "borderTopRightRadius": 25,
              "height": 20,
              "width": 20,
            }
          }
        />
      </View>
    </View>
  </View>
  <View
    style={
      Object {
        "paddingHorizontal": 30,
      }
    }
  >
    <Text
      style={
        Object {
          "fontSize": 20,
          "fontWeight": "bold",
          "paddingVertical": 10,
          "textAlign": "center",
        }
      }
    >
      Choose where to add it
    </Text>
    <View
      style={
        Object {
          "alignItems": "center",
        }
      }
    >
      <View
        style={
          Object {
            "height": 450,
            "justifyContent": "center",
          }
        }
      >
        <View
          style={
            Object {
              "backgroundColor": "#958472",
              "borderColor": "#2F2406",
              "borderRadius": 15,
              "borderTopWidth": 10,
            }
          }
        >
          <View
            style={
              Array [
                Object {
                  "borderColor": "#958472",
                  "borderWidth": 6,
                  "elevation": 10,
                },
                Object {
                  "height": 400,
                },
              ]
            }
          >
            <View
              style={
                Array [
                  Object {
                    "flexDirection": "row",
                  },
                  Object {
                    "height": "50%",
                    "width": "100%",
                  },
                ]
              }
            >
              <View
                style={
                  Array [
                    Object {
                      "alignItems": "center",
                      "backgroundColor": "#958472",
                      "height": "100%",
                      "justifyContent": "center",
                    },
                    Object {
                      "width": "50%",
                    },
                  ]
                }
              >
                <View
                  accessible={true}
                  collapsable={false}
                  focusable={true}
                  nativeID="animatedComponent"
                  onClick={[Function]}
                  onResponderGrant={[Function]}
                  onResponderMove={[Function]}
                  onResponderRelease={[Function]}
                  onResponderTerminate={[Function]}
                  onResponderTerminationRequest={[Function]}
                  onStartShouldSetResponder={[Function]}
                  style={
                    Object {
                      "alignItems": "center",
                      "backgroundColor": "#4D3C2A",
                      "borderBottomWidth": 5,
                      "borderColor": "#2F2406",
                      "borderRightWidth": 5,
                      "height": "90%",
                      "justifyContent": "center",
                      "opacity": 1,
                      "width": "90%",
                    }
                  }
                  testID="shelf-0-0"
                >
                  <Text
                    style={
                      Object {
                        "color": "#FFFFFF",
                        "fontSize": 16,
                        "fontWeight": "bold",
                      }
                    }
                  >
                    2
                  </Text>
                  <Text
                    style={
                      Object {
                        "color": "#FFFFFF",
                        "fontSize": 16,
                        "fontWeight": "bold",
                      }
                    }
                  >
                    books
                  </Text>
                </View>
              </View>
              <View
                style={
                  Array [
                    Object {
                      "alignItems": "center",
                      "backgroundColor": "#958472",
                      "height": "100%",
                      "justifyContent": "center",
                    },
                    Object {
                      "width": "50%",
                    },
                  ]
                }
              >
                <View
                  accessible={true}
                  collapsable={false}
                  focusable={true}
                  nativeID="animatedComponent"
                  onClick={[Function]}
                  onResponderGrant={[Function]}
                  onResponderMove={[Function]}
                  onResponderRelease={[Function]}
                  onResponderTerminate={[Function]}
                  onResponderTerminationRequest={[Function]}
                  onStartShouldSetResponder={[Function]}
                  style={
                    Object {
                      "alignItems": "center",
                      "backgroundColor": "#4D3C2A",
                      "borderBottomWidth": 5,
                      "borderColor": "#2F2406",
                      "borderRightWidth": 5,
                      "height": "90%",
                      "justifyContent": "center",
                      "opacity": 1,
                      "width": "90%",
                    }
                  }
                  testID="shelf-0-1"
                >
                  <Text
                    style={
                      Object {
                        "color": "#FFFFFF",
                        "fontSize": 16,
                        "fontWeight": "bold",
                      }
                    }
                  >
                    0
                  </Text>
                  <Text
                    style={
                      Object {
                        "color": "#FFFFFF",
                        "fontSize": 16,
                        "fontWeight": "bold",
                      }
                    }
                  >
                    books
                  </Text>
                </View>
              </View>
            </View>
            <View
              style={
                Array [
                  Object {
                    "flexDirection": "row",
                  },
                  Object {
                    "height": "50%",
                    "width": "100%",
                  },
                ]
              }
            >
              <View
                style={
                  Array [
                    Object {
                      "alignItems": "center",
                      "backgroundColor": "#958472",
                      "height": "100%",
                      "justifyContent": "center",
                    },
                    Object {
                      "width": "50%",
                    },
                  ]
                }
              >
                <View
                  accessible={true}
                  collapsable={false}
                  focusable={true}
                  nativeID="animatedComponent"
                  onClick={[Function]}
                  onResponderGrant={[Function]}
                  onResponderMove={[Function]}
                  onResponderRelease={[Function]}
                  onResponderTerminate={[Function]}
                  onResponderTerminationRequest={[Function]}
                  onStartShouldSetResponder={[Function]}
                  style={
                    Object {
                      "alignItems": "center",
                      "backgroundColor": "#4D3C2A",
                      "borderBottomWidth": 5,
                      "borderColor": "#2F2406",
                      "borderRightWidth": 5,
                      "height": "90%",
                      "justifyContent": "center",
                      "opacity": 1,
                      "width": "90%",
                    }
                  }
                  testID="shelf-1-0"
                >
                  <Text
                    style={
                      Object {
                        "color": "#FFFFFF",
                        "fontSize": 16,
                        "fontWeight": "bold",
                      }
                    }
                  >
                    0
                  </Text>
                  <Text
                    style={
                      Object {
                        "color": "#FFFFFF",
                        "fontSize": 16,
                        "fontWeight": "bold",
                      }
                    }
                  >
                    books
                  </Text>
                </View>
              </View>
              <View
                style={
                  Array [
                    Object {
                      "alignItems": "center",
                      "backgroundColor": "#958472",
                      "height": "100%",
                      "justifyContent": "center",
                    },
                    Object {
                      "width": "50%",
                    },
                  ]
                }
              >
                <View
                  accessible={true}
                  collapsable={false}
                  focusable={true}
                  nativeID="animatedComponent"
                  onClick={[Function]}
                  onResponderGrant={[Function]}
                  onResponderMove={[Function]}
                  onResponderRelease={[Function]}
                  onResponderTerminate={[Function]}
                  onResponderTerminationRequest={[Function]}
                  onStartShouldSetResponder={[Function]}
                  style={
                    Object {
                      "alignItems": "center",
                      "backgroundColor": "#4D3C2A",
                      "borderBottomWidth": 5,
                      "borderColor": "#2F2406",
                      "borderRightWidth": 5,
                      "height": "90%",
                      "justifyContent": "center",
                      "opacity": 1,
                      "width": "90%",
                    }
                  }
                  testID="shelf-1-1"
                >
                  <Text
                    style={
                      Object {
                        "color": "#FFFFFF",
                        "fontSize": 16,
                        "fontWeight": "bold",
                      }
                    }
                  >
                    0
                  </Text>
                  <Text
                    style={
                      Object {
                        "color": "#FFFFFF",
                        "fontSize": 16,
                        "fontWeight": "bold",
                      }
                    }
                  >
                    books
                  </Text>
                </View>
              </View>
            </View>
          </View>
        </View>
      </View>
    </View>
    <View
      accessible={true}
      collapsable={false}
      focusable={true}
      nativeID="animatedComponent"
      onClick={[Function]}
      onResponderGrant={[Function]}
      onResponderMove={[Function]}
      onResponderRelease={[Function]}
      onResponderTerminate={[Function]}
      onResponderTerminationRequest={[Function]}
      onStartShouldSetResponder={[Function]}
      style={
        Object {
          "alignItems": "center",
          "backgroundColor": "#000000",
          "borderRadius": 10,
          "display": "flex",
          "height": 70,
          "justifyContent": "center",
          "marginTop": 10,
          "opacity": 1,
          "width": "100%",
        }
      }
      testID="addButton"
    >
      <Text
        style={
          Object {
            "color": "#FFFFFF",
            "fontSize": 20,
            "fontWeight": "500",
          }
        }
      >
        Add to shelf
      </Text>
    </View>
  </View>
</RCTSafeAreaView>
`;
